﻿  Determinando los proyectos que se van a restaurar...
  Todos los proyectos est├ín actualizados para la restauraci├│n.
C:\Program Files\dotnet\sdk\10.0.102\Microsoft.Common.CurrentVersion.targets(5381,5): warning MSB3026: No se pudo copiar "C:\Users\santi\Documents\GitHub\appPeluqueriaDesktop\obj\Debug\net8.0-windows\apphost.exe" en "bin\Debug\net8.0-windows\appPeluqueriaDesktop.exe". Se iniciar├í el reintento 1 dentro de 1000ms. The process cannot access the file 'C:\Users\santi\Documents\GitHub\appPeluqueriaDesktop\bin\Debug\net8.0-windows\appPeluqueriaDesktop.exe' because it is being used by another process. El archivo se ha bloqueado por: "appPeluqueriaDesktop (17936)" [C:\Users\santi\Documents\GitHub\appPeluqueriaDesktop\appPeluqueriaDesktop.csproj]
C:\Program Files\dotnet\sdk\10.0.102\Microsoft.Common.CurrentVersion.targets(5381,5): warning MSB3026: No se pudo copiar "C:\Users\santi\Documents\GitHub\appPeluqueriaDesktop\obj\Debug\net8.0-windows\apphost.exe" en "bin\Debug\net8.0-windows\appPeluqueriaDesktop.exe". Se iniciar├í el reintento 2 dentro de 1000ms. The process cannot access the file 'C:\Users\santi\Documents\GitHub\appPeluqueriaDesktop\bin\Debug\net8.0-windows\appPeluqueriaDesktop.exe' because it is being used by another process. El archivo se ha bloqueado por: "appPeluqueriaDesktop (17936)" [C:\Users\santi\Documents\GitHub\appPeluqueriaDesktop\appPeluqueriaDesktop.csproj]
C:\Program Files\dotnet\sdk\10.0.102\Microsoft.Common.CurrentVersion.targets(5381,5): warning MSB3026: No se pudo copiar "C:\Users\santi\Documents\GitHub\appPeluqueriaDesktop\obj\Debug\net8.0-windows\apphost.exe" en "bin\Debug\net8.0-windows\appPeluqueriaDesktop.exe". Se iniciar├í el reintento 3 dentro de 1000ms. The process cannot access the file 'C:\Users\santi\Documents\GitHub\appPeluqueriaDesktop\bin\Debug\net8.0-windows\appPeluqueriaDesktop.exe' because it is being used by another process. El archivo se ha bloqueado por: "appPeluqueriaDesktop (17936)" [C:\Users\santi\Documents\GitHub\appPeluqueriaDesktop\appPeluqueriaDesktop.csproj]
C:\Program Files\dotnet\sdk\10.0.102\Microsoft.Common.CurrentVersion.targets(5381,5): warning MSB3026: No se pudo copiar "C:\Users\santi\Documents\GitHub\appPeluqueriaDesktop\obj\Debug\net8.0-windows\apphost.exe" en "bin\Debug\net8.0-windows\appPeluqueriaDesktop.exe". Se iniciar├í el reintento 4 dentro de 1000ms. The process cannot access the file 'C:\Users\santi\Documents\GitHub\appPeluqueriaDesktop\bin\Debug\net8.0-windows\appPeluqueriaDesktop.exe' because it is being used by another process. El archivo se ha bloqueado por: "appPeluqueriaDesktop (17936)" [C:\Users\santi\Documents\GitHub\appPeluqueriaDesktop\appPeluqueriaDesktop.csproj]
C:\Program Files\dotnet\sdk\10.0.102\Microsoft.Common.CurrentVersion.targets(5381,5): warning MSB3026: No se pudo copiar "C:\Users\santi\Documents\GitHub\appPeluqueriaDesktop\obj\Debug\net8.0-windows\apphost.exe" en "bin\Debug\net8.0-windows\appPeluqueriaDesktop.exe". Se iniciar├í el reintento 5 dentro de 1000ms. The process cannot access the file 'C:\Users\santi\Documents\GitHub\appPeluqueriaDesktop\bin\Debug\net8.0-windows\appPeluqueriaDesktop.exe' because it is being used by another process. El archivo se ha bloqueado por: "appPeluqueriaDesktop (17936)" [C:\Users\santi\Documents\GitHub\appPeluqueriaDesktop\appPeluqueriaDesktop.csproj]
C:\Program Files\dotnet\sdk\10.0.102\Microsoft.Common.CurrentVersion.targets(5381,5): warning MSB3026: No se pudo copiar "C:\Users\santi\Documents\GitHub\appPeluqueriaDesktop\obj\Debug\net8.0-windows\apphost.exe" en "bin\Debug\net8.0-windows\appPeluqueriaDesktop.exe". Se iniciar├í el reintento 6 dentro de 1000ms. The process cannot access the file 'C:\Users\santi\Documents\GitHub\appPeluqueriaDesktop\bin\Debug\net8.0-windows\appPeluqueriaDesktop.exe' because it is being used by another process. El archivo se ha bloqueado por: "appPeluqueriaDesktop (17936)" [C:\Users\santi\Documents\GitHub\appPeluqueriaDesktop\appPeluqueriaDesktop.csproj]
C:\Program Files\dotnet\sdk\10.0.102\Microsoft.Common.CurrentVersion.targets(5381,5): warning MSB3026: No se pudo copiar "C:\Users\santi\Documents\GitHub\appPeluqueriaDesktop\obj\Debug\net8.0-windows\apphost.exe" en "bin\Debug\net8.0-windows\appPeluqueriaDesktop.exe". Se iniciar├í el reintento 7 dentro de 1000ms. The process cannot access the file 'C:\Users\santi\Documents\GitHub\appPeluqueriaDesktop\bin\Debug\net8.0-windows\appPeluqueriaDesktop.exe' because it is being used by another process. El archivo se ha bloqueado por: "appPeluqueriaDesktop (17936)" [C:\Users\santi\Documents\GitHub\appPeluqueriaDesktop\appPeluqueriaDesktop.csproj]
C:\Program Files\dotnet\sdk\10.0.102\Microsoft.Common.CurrentVersion.targets(5381,5): warning MSB3026: No se pudo copiar "C:\Users\santi\Documents\GitHub\appPeluqueriaDesktop\obj\Debug\net8.0-windows\apphost.exe" en "bin\Debug\net8.0-windows\appPeluqueriaDesktop.exe". Se iniciar├í el reintento 8 dentro de 1000ms. The process cannot access the file 'C:\Users\santi\Documents\GitHub\appPeluqueriaDesktop\bin\Debug\net8.0-windows\appPeluqueriaDesktop.exe' because it is being used by another process. El archivo se ha bloqueado por: "appPeluqueriaDesktop (17936)" [C:\Users\santi\Documents\GitHub\appPeluqueriaDesktop\appPeluqueriaDesktop.csproj]
C:\Program Files\dotnet\sdk\10.0.102\Microsoft.Common.CurrentVersion.targets(5381,5): warning MSB3026: No se pudo copiar "C:\Users\santi\Documents\GitHub\appPeluqueriaDesktop\obj\Debug\net8.0-windows\apphost.exe" en "bin\Debug\net8.0-windows\appPeluqueriaDesktop.exe". Se iniciar├í el reintento 9 dentro de 1000ms. The process cannot access the file 'C:\Users\santi\Documents\GitHub\appPeluqueriaDesktop\bin\Debug\net8.0-windows\appPeluqueriaDesktop.exe' because it is being used by another process. El archivo se ha bloqueado por: "appPeluqueriaDesktop (17936)" [C:\Users\santi\Documents\GitHub\appPeluqueriaDesktop\appPeluqueriaDesktop.csproj]
C:\Program Files\dotnet\sdk\10.0.102\Microsoft.Common.CurrentVersion.targets(5381,5): warning MSB3026: No se pudo copiar "C:\Users\santi\Documents\GitHub\appPeluqueriaDesktop\obj\Debug\net8.0-windows\apphost.exe" en "bin\Debug\net8.0-windows\appPeluqueriaDesktop.exe". Se iniciar├í el reintento 10 dentro de 1000ms. The process cannot access the file 'C:\Users\santi\Documents\GitHub\appPeluqueriaDesktop\bin\Debug\net8.0-windows\appPeluqueriaDesktop.exe' because it is being used by another process. El archivo se ha bloqueado por: "appPeluqueriaDesktop (17936)" [C:\Users\santi\Documents\GitHub\appPeluqueriaDesktop\appPeluqueriaDesktop.csproj]
C:\Program Files\dotnet\sdk\10.0.102\Microsoft.Common.CurrentVersion.targets(5381,5): error MSB3027: No se pudo copiar "C:\Users\santi\Documents\GitHub\appPeluqueriaDesktop\obj\Debug\net8.0-windows\apphost.exe" en "bin\Debug\net8.0-windows\appPeluqueriaDesktop.exe". Se super├│ el n├║mero de 10 reintentos. Error. El archivo se ha bloqueado por: "appPeluqueriaDesktop (17936)" [C:\Users\santi\Documents\GitHub\appPeluqueriaDesktop\appPeluqueriaDesktop.csproj]
C:\Program Files\dotnet\sdk\10.0.102\Microsoft.Common.CurrentVersion.targets(5381,5): error MSB3021: No se puede copiar "C:\Users\santi\Documents\GitHub\appPeluqueriaDesktop\obj\Debug\net8.0-windows\apphost.exe" en "bin\Debug\net8.0-windows\appPeluqueriaDesktop.exe". The process cannot access the file 'C:\Users\santi\Documents\GitHub\appPeluqueriaDesktop\bin\Debug\net8.0-windows\appPeluqueriaDesktop.exe' because it is being used by another process. [C:\Users\santi\Documents\GitHub\appPeluqueriaDesktop\appPeluqueriaDesktop.csproj]

ERROR al compilar.

C:\Program Files\dotnet\sdk\10.0.102\Microsoft.Common.CurrentVersion.targets(5381,5): warning MSB3026: No se pudo copiar "C:\Users\santi\Documents\GitHub\appPeluqueriaDesktop\obj\Debug\net8.0-windows\apphost.exe" en "bin\Debug\net8.0-windows\appPeluqueriaDesktop.exe". Se iniciar├í el reintento 1 dentro de 1000ms. The process cannot access the file 'C:\Users\santi\Documents\GitHub\appPeluqueriaDesktop\bin\Debug\net8.0-windows\appPeluqueriaDesktop.exe' because it is being used by another process. El archivo se ha bloqueado por: "appPeluqueriaDesktop (17936)" [C:\Users\santi\Documents\GitHub\appPeluqueriaDesktop\appPeluqueriaDesktop.csproj]
C:\Program Files\dotnet\sdk\10.0.102\Microsoft.Common.CurrentVersion.targets(5381,5): warning MSB3026: No se pudo copiar "C:\Users\santi\Documents\GitHub\appPeluqueriaDesktop\obj\Debug\net8.0-windows\apphost.exe" en "bin\Debug\net8.0-windows\appPeluqueriaDesktop.exe". Se iniciar├í el reintento 2 dentro de 1000ms. The process cannot access the file 'C:\Users\santi\Documents\GitHub\appPeluqueriaDesktop\bin\Debug\net8.0-windows\appPeluqueriaDesktop.exe' because it is being used by another process. El archivo se ha bloqueado por: "appPeluqueriaDesktop (17936)" [C:\Users\santi\Documents\GitHub\appPeluqueriaDesktop\appPeluqueriaDesktop.csproj]
C:\Program Files\dotnet\sdk\10.0.102\Microsoft.Common.CurrentVersion.targets(5381,5): warning MSB3026: No se pudo copiar "C:\Users\santi\Documents\GitHub\appPeluqueriaDesktop\obj\Debug\net8.0-windows\apphost.exe" en "bin\Debug\net8.0-windows\appPeluqueriaDesktop.exe". Se iniciar├í el reintento 3 dentro de 1000ms. The process cannot access the file 'C:\Users\santi\Documents\GitHub\appPeluqueriaDesktop\bin\Debug\net8.0-windows\appPeluqueriaDesktop.exe' because it is being used by another process. El archivo se ha bloqueado por: "appPeluqueriaDesktop (17936)" [C:\Users\santi\Documents\GitHub\appPeluqueriaDesktop\appPeluqueriaDesktop.csproj]
C:\Program Files\dotnet\sdk\10.0.102\Microsoft.Common.CurrentVersion.targets(5381,5): warning MSB3026: No se pudo copiar "C:\Users\santi\Documents\GitHub\appPeluqueriaDesktop\obj\Debug\net8.0-windows\apphost.exe" en "bin\Debug\net8.0-windows\appPeluqueriaDesktop.exe". Se iniciar├í el reintento 4 dentro de 1000ms. The process cannot access the file 'C:\Users\santi\Documents\GitHub\appPeluqueriaDesktop\bin\Debug\net8.0-windows\appPeluqueriaDesktop.exe' because it is being used by another process. El archivo se ha bloqueado por: "appPeluqueriaDesktop (17936)" [C:\Users\santi\Documents\GitHub\appPeluqueriaDesktop\appPeluqueriaDesktop.csproj]
C:\Program Files\dotnet\sdk\10.0.102\Microsoft.Common.CurrentVersion.targets(5381,5): warning MSB3026: No se pudo copiar "C:\Users\santi\Documents\GitHub\appPeluqueriaDesktop\obj\Debug\net8.0-windows\apphost.exe" en "bin\Debug\net8.0-windows\appPeluqueriaDesktop.exe". Se iniciar├í el reintento 5 dentro de 1000ms. The process cannot access the file 'C:\Users\santi\Documents\GitHub\appPeluqueriaDesktop\bin\Debug\net8.0-windows\appPeluqueriaDesktop.exe' because it is being used by another process. El archivo se ha bloqueado por: "appPeluqueriaDesktop (17936)" [C:\Users\santi\Documents\GitHub\appPeluqueriaDesktop\appPeluqueriaDesktop.csproj]
C:\Program Files\dotnet\sdk\10.0.102\Microsoft.Common.CurrentVersion.targets(5381,5): warning MSB3026: No se pudo copiar "C:\Users\santi\Documents\GitHub\appPeluqueriaDesktop\obj\Debug\net8.0-windows\apphost.exe" en "bin\Debug\net8.0-windows\appPeluqueriaDesktop.exe". Se iniciar├í el reintento 6 dentro de 1000ms. The process cannot access the file 'C:\Users\santi\Documents\GitHub\appPeluqueriaDesktop\bin\Debug\net8.0-windows\appPeluqueriaDesktop.exe' because it is being used by another process. El archivo se ha bloqueado por: "appPeluqueriaDesktop (17936)" [C:\Users\santi\Documents\GitHub\appPeluqueriaDesktop\appPeluqueriaDesktop.csproj]
C:\Program Files\dotnet\sdk\10.0.102\Microsoft.Common.CurrentVersion.targets(5381,5): warning MSB3026: No se pudo copiar "C:\Users\santi\Documents\GitHub\appPeluqueriaDesktop\obj\Debug\net8.0-windows\apphost.exe" en "bin\Debug\net8.0-windows\appPeluqueriaDesktop.exe". Se iniciar├í el reintento 7 dentro de 1000ms. The process cannot access the file 'C:\Users\santi\Documents\GitHub\appPeluqueriaDesktop\bin\Debug\net8.0-windows\appPeluqueriaDesktop.exe' because it is being used by another process. El archivo se ha bloqueado por: "appPeluqueriaDesktop (17936)" [C:\Users\santi\Documents\GitHub\appPeluqueriaDesktop\appPeluqueriaDesktop.csproj]
C:\Program Files\dotnet\sdk\10.0.102\Microsoft.Common.CurrentVersion.targets(5381,5): warning MSB3026: No se pudo copiar "C:\Users\santi\Documents\GitHub\appPeluqueriaDesktop\obj\Debug\net8.0-windows\apphost.exe" en "bin\Debug\net8.0-windows\appPeluqueriaDesktop.exe". Se iniciar├í el reintento 8 dentro de 1000ms. The process cannot access the file 'C:\Users\santi\Documents\GitHub\appPeluqueriaDesktop\bin\Debug\net8.0-windows\appPeluqueriaDesktop.exe' because it is being used by another process. El archivo se ha bloqueado por: "appPeluqueriaDesktop (17936)" [C:\Users\santi\Documents\GitHub\appPeluqueriaDesktop\appPeluqueriaDesktop.csproj]
C:\Program Files\dotnet\sdk\10.0.102\Microsoft.Common.CurrentVersion.targets(5381,5): warning MSB3026: No se pudo copiar "C:\Users\santi\Documents\GitHub\appPeluqueriaDesktop\obj\Debug\net8.0-windows\apphost.exe" en "bin\Debug\net8.0-windows\appPeluqueriaDesktop.exe". Se iniciar├í el reintento 9 dentro de 1000ms. The process cannot access the file 'C:\Users\santi\Documents\GitHub\appPeluqueriaDesktop\bin\Debug\net8.0-windows\appPeluqueriaDesktop.exe' because it is being used by another process. El archivo se ha bloqueado por: "appPeluqueriaDesktop (17936)" [C:\Users\santi\Documents\GitHub\appPeluqueriaDesktop\appPeluqueriaDesktop.csproj]
C:\Program Files\dotnet\sdk\10.0.102\Microsoft.Common.CurrentVersion.targets(5381,5): warning MSB3026: No se pudo copiar "C:\Users\santi\Documents\GitHub\appPeluqueriaDesktop\obj\Debug\net8.0-windows\apphost.exe" en "bin\Debug\net8.0-windows\appPeluqueriaDesktop.exe". Se iniciar├í el reintento 10 dentro de 1000ms. The process cannot access the file 'C:\Users\santi\Documents\GitHub\appPeluqueriaDesktop\bin\Debug\net8.0-windows\appPeluqueriaDesktop.exe' because it is being used by another process. El archivo se ha bloqueado por: "appPeluqueriaDesktop (17936)" [C:\Users\santi\Documents\GitHub\appPeluqueriaDesktop\appPeluqueriaDesktop.csproj]
C:\Program Files\dotnet\sdk\10.0.102\Microsoft.Common.CurrentVersion.targets(5381,5): error MSB3027: No se pudo copiar "C:\Users\santi\Documents\GitHub\appPeluqueriaDesktop\obj\Debug\net8.0-windows\apphost.exe" en "bin\Debug\net8.0-windows\appPeluqueriaDesktop.exe". Se super├│ el n├║mero de 10 reintentos. Error. El archivo se ha bloqueado por: "appPeluqueriaDesktop (17936)" [C:\Users\santi\Documents\GitHub\appPeluqueriaDesktop\appPeluqueriaDesktop.csproj]
C:\Program Files\dotnet\sdk\10.0.102\Microsoft.Common.CurrentVersion.targets(5381,5): error MSB3021: No se puede copiar "C:\Users\santi\Documents\GitHub\appPeluqueriaDesktop\obj\Debug\net8.0-windows\apphost.exe" en "bin\Debug\net8.0-windows\appPeluqueriaDesktop.exe". The process cannot access the file 'C:\Users\santi\Documents\GitHub\appPeluqueriaDesktop\bin\Debug\net8.0-windows\appPeluqueriaDesktop.exe' because it is being used by another process. [C:\Users\santi\Documents\GitHub\appPeluqueriaDesktop\appPeluqueriaDesktop.csproj]
    10 Advertencia(s)
    2 Errores

Tiempo transcurrido 00:00:12.94
